job_name: test-job
version: 2
pipeline_options:
  streaming: False
  worker_harness_container_image: "gcr.io/test-gcp-project/test-job-worker"
  experiments:
    - beam_fn_api
  project: test-gcp-project
  runner: DirectRunner
job_config:
  events:
    inputs:
      - type: file
        location: input_items.txt
    outputs:
      - type: file
        location: output_items.txt

